MPLINK 4.49, Linker
Linker Map File - Created Sun Nov 15 20:48:32 2020

                                 Section Info
                  Section       Type    Address   Location Size(Bytes)
                ---------  ---------  ---------  ---------  ---------
                   .org_0       code   0x000000    program   0x000000
                   .org_1       code   0x000000    program   0x000004
                   .org_2       code   0x000008    program   0x000002
                   .org_3       code   0x000018    program   0x000084



                              Program Memory Usage 
                               Start         End      
                           ---------   ---------      
                            0x000000    0x000003      
                            0x000008    0x000009      
                            0x000018    0x00009b      
            138 out of 33048 program addresses used, program memory utilization is 0%



                              Symbols - Sorted by Name
                     Name    Address   Location    Storage File                     
                ---------  ---------  ---------  --------- ---------                
                    again   0x00003c    program     static C:\Users\Mukhridz\Desktop\Q6 delay\QUIZ6.asm
                   again1   0x000034    program     static C:\Users\Mukhridz\Desktop\Q6 delay\QUIZ6.asm
            delay0.045sec   0x000030    program     static C:\Users\Mukhridz\Desktop\Q6 delay\QUIZ6.asm
                     loop   0x00006a    program     static C:\Users\Mukhridz\Desktop\Q6 delay\QUIZ6.asm
                   offLED   0x00002c    program     static C:\Users\Mukhridz\Desktop\Q6 delay\QUIZ6.asm
                    show2   0x000020    program     static C:\Users\Mukhridz\Desktop\Q6 delay\QUIZ6.asm
                    show3   0x00001a    program     static C:\Users\Mukhridz\Desktop\Q6 delay\QUIZ6.asm
                    show8   0x000026    program     static C:\Users\Mukhridz\Desktop\Q6 delay\QUIZ6.asm
                    start   0x000066    program     static C:\Users\Mukhridz\Desktop\Q6 delay\QUIZ6.asm



                              Symbols - Sorted by Address
                     Name    Address   Location    Storage File                     
                ---------  ---------  ---------  --------- ---------                
                    show3   0x00001a    program     static C:\Users\Mukhridz\Desktop\Q6 delay\QUIZ6.asm
                    show2   0x000020    program     static C:\Users\Mukhridz\Desktop\Q6 delay\QUIZ6.asm
                    show8   0x000026    program     static C:\Users\Mukhridz\Desktop\Q6 delay\QUIZ6.asm
                   offLED   0x00002c    program     static C:\Users\Mukhridz\Desktop\Q6 delay\QUIZ6.asm
            delay0.045sec   0x000030    program     static C:\Users\Mukhridz\Desktop\Q6 delay\QUIZ6.asm
                   again1   0x000034    program     static C:\Users\Mukhridz\Desktop\Q6 delay\QUIZ6.asm
                    again   0x00003c    program     static C:\Users\Mukhridz\Desktop\Q6 delay\QUIZ6.asm
                    start   0x000066    program     static C:\Users\Mukhridz\Desktop\Q6 delay\QUIZ6.asm
                     loop   0x00006a    program     static C:\Users\Mukhridz\Desktop\Q6 delay\QUIZ6.asm


